Archive member included to satisfy reference by file (symbol)

c:/st/stm32cubeide_1.5.0/stm32cubeide/plugins/com.st.stm32cube.ide.mcu.externaltools.gnu-tools-for-stm32.7-2018-q2-update.win32_1.5.0.202011040924/tools/bin/../lib/gcc/arm-none-eabi/7.3.1/../../../../arm-none-eabi/lib/thumb/v7e-m/fpv4-sp/hard\libc_nano.a(lib_a-errno.o)
                              Core/Src/syscalls.o (__errno)
c:/st/stm32cubeide_1.5.0/stm32cubeide/plugins/com.st.stm32cube.ide.mcu.externaltools.gnu-tools-for-stm32.7-2018-q2-update.win32_1.5.0.202011040924/tools/bin/../lib/gcc/arm-none-eabi/7.3.1/../../../../arm-none-eabi/lib/thumb/v7e-m/fpv4-sp/hard\libc_nano.a(lib_a-exit.o)
                              c:/st/stm32cubeide_1.5.0/stm32cubeide/plugins/com.st.stm32cube.ide.mcu.externaltools.gnu-tools-for-stm32.7-2018-q2-update.win32_1.5.0.202011040924/tools/bin/../lib/gcc/arm-none-eabi/7.3.1/../../../../arm-none-eabi/lib/thumb/v7e-m/fpv4-sp/hard/crt0.o (exit)
c:/st/stm32cubeide_1.5.0/stm32cubeide/plugins/com.st.stm32cube.ide.mcu.externaltools.gnu-tools-for-stm32.7-2018-q2-update.win32_1.5.0.202011040924/tools/bin/../lib/gcc/arm-none-eabi/7.3.1/../../../../arm-none-eabi/lib/thumb/v7e-m/fpv4-sp/hard\libc_nano.a(lib_a-impure.o)
                              c:/st/stm32cubeide_1.5.0/stm32cubeide/plugins/com.st.stm32cube.ide.mcu.externaltools.gnu-tools-for-stm32.7-2018-q2-update.win32_1.5.0.202011040924/tools/bin/../lib/gcc/arm-none-eabi/7.3.1/../../../../arm-none-eabi/lib/thumb/v7e-m/fpv4-sp/hard\libc_nano.a(lib_a-exit.o) (_global_impure_ptr)
c:/st/stm32cubeide_1.5.0/stm32cubeide/plugins/com.st.stm32cube.ide.mcu.externaltools.gnu-tools-for-stm32.7-2018-q2-update.win32_1.5.0.202011040924/tools/bin/../lib/gcc/arm-none-eabi/7.3.1/../../../../arm-none-eabi/lib/thumb/v7e-m/fpv4-sp/hard\libc_nano.a(lib_a-init.o)
                              c:/st/stm32cubeide_1.5.0/stm32cubeide/plugins/com.st.stm32cube.ide.mcu.externaltools.gnu-tools-for-stm32.7-2018-q2-update.win32_1.5.0.202011040924/tools/bin/../lib/gcc/arm-none-eabi/7.3.1/../../../../arm-none-eabi/lib/thumb/v7e-m/fpv4-sp/hard/crt0.o (__libc_init_array)
c:/st/stm32cubeide_1.5.0/stm32cubeide/plugins/com.st.stm32cube.ide.mcu.externaltools.gnu-tools-for-stm32.7-2018-q2-update.win32_1.5.0.202011040924/tools/bin/../lib/gcc/arm-none-eabi/7.3.1/../../../../arm-none-eabi/lib/thumb/v7e-m/fpv4-sp/hard\libc_nano.a(lib_a-memset.o)
                              c:/st/stm32cubeide_1.5.0/stm32cubeide/plugins/com.st.stm32cube.ide.mcu.externaltools.gnu-tools-for-stm32.7-2018-q2-update.win32_1.5.0.202011040924/tools/bin/../lib/gcc/arm-none-eabi/7.3.1/../../../../arm-none-eabi/lib/thumb/v7e-m/fpv4-sp/hard/crt0.o (memset)
c:/st/stm32cubeide_1.5.0/stm32cubeide/plugins/com.st.stm32cube.ide.mcu.externaltools.gnu-tools-for-stm32.7-2018-q2-update.win32_1.5.0.202011040924/tools/bin/../lib/gcc/arm-none-eabi/7.3.1/thumb/v7e-m/fpv4-sp/hard\libgcc.a(_aeabi_uldivmod.o)
                              Drivers/STM32F4xx_HAL_Driver/Src/stm32f4xx_hal_rcc.o (__aeabi_uldivmod)
c:/st/stm32cubeide_1.5.0/stm32cubeide/plugins/com.st.stm32cube.ide.mcu.externaltools.gnu-tools-for-stm32.7-2018-q2-update.win32_1.5.0.202011040924/tools/bin/../lib/gcc/arm-none-eabi/7.3.1/thumb/v7e-m/fpv4-sp/hard\libgcc.a(_udivmoddi4.o)
                              c:/st/stm32cubeide_1.5.0/stm32cubeide/plugins/com.st.stm32cube.ide.mcu.externaltools.gnu-tools-for-stm32.7-2018-q2-update.win32_1.5.0.202011040924/tools/bin/../lib/gcc/arm-none-eabi/7.3.1/thumb/v7e-m/fpv4-sp/hard\libgcc.a(_aeabi_uldivmod.o) (__udivmoddi4)
c:/st/stm32cubeide_1.5.0/stm32cubeide/plugins/com.st.stm32cube.ide.mcu.externaltools.gnu-tools-for-stm32.7-2018-q2-update.win32_1.5.0.202011040924/tools/bin/../lib/gcc/arm-none-eabi/7.3.1/thumb/v7e-m/fpv4-sp/hard\libgcc.a(_dvmd_tls.o)
                              c:/st/stm32cubeide_1.5.0/stm32cubeide/plugins/com.st.stm32cube.ide.mcu.externaltools.gnu-tools-for-stm32.7-2018-q2-update.win32_1.5.0.202011040924/tools/bin/../lib/gcc/arm-none-eabi/7.3.1/thumb/v7e-m/fpv4-sp/hard\libgcc.a(_aeabi_uldivmod.o) (__aeabi_ldiv0)

Allocating common symbols
Common symbol       size              file

hi2c1               0x54              Core/Src/main.o
uwTick              0x4               Drivers/STM32F4xx_HAL_Driver/Src/stm32f4xx_hal.o
pFlash              0x20              Drivers/STM32F4xx_HAL_Driver/Src/stm32f4xx_hal_flash.o
huart1              0x40              Core/Src/main.o
rx_data             0x32              Core/Src/main.o

Discarded input sections

 .text          0x0000000000000000        0x0 c:/st/stm32cubeide_1.5.0/stm32cubeide/plugins/com.st.stm32cube.ide.mcu.externaltools.gnu-tools-for-stm32.7-2018-q2-update.win32_1.5.0.202011040924/tools/bin/../lib/gcc/arm-none-eabi/7.3.1/thumb/v7e-m/fpv4-sp/hard/crti.o
[...]
Memory Configuration

Name             Origin             Length             Attributes
CCMRAM           0x0000000010000000 0x0000000000010000 xrw
RAM              0x0000000020000000 0x0000000000020000 xrw
FLASH            0x0000000008000000 0x0000000000100000 xr
*default*        0x0000000000000000 0xffffffffffffffff

Linker script and memory map

LOAD c:/st/stm32cubeide_1.5.0/stm32cubeide/plugins/com.st.stm32cube.ide.mcu.externaltools.gnu-tools-for-stm32.7-2018-q2-update.win32_1.5.0.202011040924/tools/bin/../lib/gcc/arm-none-eabi/7.3.1/thumb/v7e-m/fpv4-sp/hard/crti.o
LOAD c:/st/stm32cubeide_1.5.0/stm32cubeide/plugins/com.st.stm32cube.ide.mcu.externaltools.gnu-tools-for-stm32.7-2018-q2-update.win32_1.5.0.202011040924/tools/bin/../lib/gcc/arm-none-eabi/7.3.1/thumb/v7e-m/fpv4-sp/hard/crtbegin.o
LOAD c:/st/stm32cubeide_1.5.0/stm32cubeide/plugins/com.st.stm32cube.ide.mcu.externaltools.gnu-tools-for-stm32.7-2018-q2-update.win32_1.5.0.202011040924/tools/bin/../lib/gcc/arm-none-eabi/7.3.1/../../../../arm-none-eabi/lib/thumb/v7e-m/fpv4-sp/hard/crt0.o
LOAD Core/Src/i2c-lcd.o
LOAD Core/Src/main.o
LOAD Core/Src/stm32f4xx_hal_msp.o
LOAD Core/Src/stm32f4xx_it.o
LOAD Core/Src/syscalls.o
LOAD Core/Src/sysmem.o
LOAD Core/Src/system_stm32f4xx.o
LOAD Core/Startup/startup_stm32f407vgtx.o
LOAD Drivers/STM32F4xx_HAL_Driver/Src/stm32f4xx_hal.o
LOAD Drivers/STM32F4xx_HAL_Driver/Src/stm32f4xx_hal_cortex.o
LOAD Drivers/STM32F4xx_HAL_Driver/Src/stm32f4xx_hal_dma.o
LOAD Drivers/STM32F4xx_HAL_Driver/Src/stm32f4xx_hal_dma_ex.o
LOAD Drivers/STM32F4xx_HAL_Driver/Src/stm32f4xx_hal_exti.o
LOAD Drivers/STM32F4xx_HAL_Driver/Src/stm32f4xx_hal_flash.o
LOAD Drivers/STM32F4xx_HAL_Driver/Src/stm32f4xx_hal_flash_ex.o
LOAD Drivers/STM32F4xx_HAL_Driver/Src/stm32f4xx_hal_flash_ramfunc.o
LOAD Drivers/STM32F4xx_HAL_Driver/Src/stm32f4xx_hal_gpio.o
LOAD Drivers/STM32F4xx_HAL_Driver/Src/stm32f4xx_hal_i2c.o
LOAD Drivers/STM32F4xx_HAL_Driver/Src/stm32f4xx_hal_i2c_ex.o
LOAD Drivers/STM32F4xx_HAL_Driver/Src/stm32f4xx_hal_pwr.o
LOAD Drivers/STM32F4xx_HAL_Driver/Src/stm32f4xx_hal_pwr_ex.o
LOAD Drivers/STM32F4xx_HAL_Driver/Src/stm32f4xx_hal_rcc.o
LOAD Drivers/STM32F4xx_HAL_Driver/Src/stm32f4xx_hal_rcc_ex.o
LOAD Drivers/STM32F4xx_HAL_Driver/Src/stm32f4xx_hal_tim.o
LOAD Drivers/STM32F4xx_HAL_Driver/Src/stm32f4xx_hal_tim_ex.o
LOAD Drivers/STM32F4xx_HAL_Driver/Src/stm32f4xx_hal_uart.o
START GROUP
LOAD c:/st/stm32cubeide_1.5.0/stm32cubeide/plugins/com.st.stm32cube.ide.mcu.externaltools.gnu-tools-for-stm32.7-2018-q2-update.win32_1.5.0.202011040924/tools/bin/../lib/gcc/arm-none-eabi/7.3.1/../../../../arm-none-eabi/lib/thumb/v7e-m/fpv4-sp/hard\libc_nano.a
LOAD c:/st/stm32cubeide_1.5.0/stm32cubeide/plugins/com.st.stm32cube.ide.mcu.externaltools.gnu-tools-for-stm32.7-2018-q2-update.win32_1.5.0.202011040924/tools/bin/../lib/gcc/arm-none-eabi/7.3.1/../../../../arm-none-eabi/lib/thumb/v7e-m/fpv4-sp/hard\libm.a
END GROUP
START GROUP
LOAD c:/st/stm32cubeide_1.5.0/stm32cubeide/plugins/com.st.stm32cube.ide.mcu.externaltools.gnu-tools-for-stm32.7-2018-q2-update.win32_1.5.0.202011040924/tools/bin/../lib/gcc/arm-none-eabi/7.3.1/thumb/v7e-m/fpv4-sp/hard\libgcc.a
LOAD c:/st/stm32cubeide_1.5.0/stm32cubeide/plugins/com.st.stm32cube.ide.mcu.externaltools.gnu-tools-for-stm32.7-2018-q2-update.win32_1.5.0.202011040924/tools/bin/../lib/gcc/arm-none-eabi/7.3.1/../../../../arm-none-eabi/lib/thumb/v7e-m/fpv4-sp/hard\libc_nano.a
END GROUP
START GROUP
LOAD c:/st/stm32cubeide_1.5.0/stm32cubeide/plugins/com.st.stm32cube.ide.mcu.externaltools.gnu-tools-for-stm32.7-2018-q2-update.win32_1.5.0.202011040924/tools/bin/../lib/gcc/arm-none-eabi/7.3.1/thumb/v7e-m/fpv4-sp/hard\libgcc.a
LOAD c:/st/stm32cubeide_1.5.0/stm32cubeide/plugins/com.st.stm32cube.ide.mcu.externaltools.gnu-tools-for-stm32.7-2018-q2-update.win32_1.5.0.202011040924/tools/bin/../lib/gcc/arm-none-eabi/7.3.1/../../../../arm-none-eabi/lib/thumb/v7e-m/fpv4-sp/hard\libc_nano.a
LOAD c:/st/stm32cubeide_1.5.0/stm32cubeide/plugins/com.st.stm32cube.ide.mcu.externaltools.gnu-tools-for-stm32.7-2018-q2-update.win32_1.5.0.202011040924/tools/bin/../lib/gcc/arm-none-eabi/7.3.1/../../../../arm-none-eabi/lib/thumb/v7e-m/fpv4-sp/hard\libnosys.a
END GROUP
START GROUP
LOAD c:/st/stm32cubeide_1.5.0/stm32cubeide/plugins/com.st.stm32cube.ide.mcu.externaltools.gnu-tools-for-stm32.7-2018-q2-update.win32_1.5.0.202011040924/tools/bin/../lib/gcc/arm-none-eabi/7.3.1/thumb/v7e-m/fpv4-sp/hard\libgcc.a
LOAD c:/st/stm32cubeide_1.5.0/stm32cubeide/plugins/com.st.stm32cube.ide.mcu.externaltools.gnu-tools-for-stm32.7-2018-q2-update.win32_1.5.0.202011040924/tools/bin/../lib/gcc/arm-none-eabi/7.3.1/../../../../arm-none-eabi/lib/thumb/v7e-m/fpv4-sp/hard\libc_nano.a
LOAD c:/st/stm32cubeide_1.5.0/stm32cubeide/plugins/com.st.stm32cube.ide.mcu.externaltools.gnu-tools-for-stm32.7-2018-q2-update.win32_1.5.0.202011040924/tools/bin/../lib/gcc/arm-none-eabi/7.3.1/../../../../arm-none-eabi/lib/thumb/v7e-m/fpv4-sp/hard\libnosys.a
END GROUP
LOAD c:/st/stm32cubeide_1.5.0/stm32cubeide/plugins/com.st.stm32cube.ide.mcu.externaltools.gnu-tools-for-stm32.7-2018-q2-update.win32_1.5.0.202011040924/tools/bin/../lib/gcc/arm-none-eabi/7.3.1/thumb/v7e-m/fpv4-sp/hard/crtend.o
LOAD c:/st/stm32cubeide_1.5.0/stm32cubeide/plugins/com.st.stm32cube.ide.mcu.externaltools.gnu-tools-for-stm32.7-2018-q2-update.win32_1.5.0.202011040924/tools/bin/../lib/gcc/arm-none-eabi/7.3.1/thumb/v7e-m/fpv4-sp/hard/crtn.o
                0x0000000020020000                _estack = (ORIGIN (RAM) + LENGTH (RAM))
                0x0000000000000200                _Min_Heap_Size = 0x200
                0x0000000000000400                _Min_Stack_Size = 0x400

.isr_vector     0x0000000008000000      0x188
                0x0000000008000000                . = ALIGN (0x4)
 *(.isr_vector)
 .isr_vector    0x0000000008000000      0x188 Core/Startup/startup_stm32f407vgtx.o
                0x0000000008000000                g_pfnVectors
                0x0000000008000188                . = ALIGN (0x4)

.text           0x0000000008000188     0x2e84
                0x0000000008000188                . = ALIGN (0x4)
 *(.text)
 .text          0x0000000008000188       0x40 c:/st/stm32cubeide_1.5.0/stm32cubeide/plugins/com.st.stm32cube.ide.mcu.externaltools.gnu-tools-for-stm32.7-2018-q2-update.win32_1.5.0.202011040924/tools/bin/../lib/gcc/arm-none-eabi/7.3.1/thumb/v7e-m/fpv4-sp/hard/crtbegin.o
 .text          0x00000000080001c8       0x30 c:/st/stm32cubeide_1.5.0/stm32cubeide/plugins/com.st.stm32cube.ide.mcu.externaltools.gnu-tools-for-stm32.7-2018-q2-update.win32_1.5.0.202011040924/tools/bin/../lib/gcc/arm-none-eabi/7.3.1/thumb/v7e-m/fpv4-sp/hard\libgcc.a(_aeabi_uldivmod.o)
                0x00000000080001c8                __aeabi_uldivmod
 .text          0x00000000080001f8      0x2cc c:/st/stm32cubeide_1.5.0/stm32cubeide/plugins/com.st.stm32cube.ide.mcu.externaltools.gnu-tools-for-stm32.7-2018-q2-update.win32_1.5.0.202011040924/tools/bin/../lib/gcc/arm-none-eabi/7.3.1/thumb/v7e-m/fpv4-sp/hard\libgcc.a(_udivmoddi4.o)
                0x00000000080001f8                __udivmoddi4
 .text          0x00000000080004c4        0x4 c:/st/stm32cubeide_1.5.0/stm32cubeide/plugins/com.st.stm32cube.ide.mcu.externaltools.gnu-tools-for-stm32.7-2018-q2-update.win32_1.5.0.202011040924/tools/bin/../lib/gcc/arm-none-eabi/7.3.1/thumb/v7e-m/fpv4-sp/hard\libgcc.a(_dvmd_tls.o)
                0x00000000080004c4                __aeabi_idiv0
                0x00000000080004c4                __aeabi_ldiv0
 *(.text*)
 .text.lcd_send_cmd
                0x00000000080004c8       0x60 Core/Src/i2c-lcd.o
                0x00000000080004c8                lcd_send_cmd
 .text.lcd_send_data
                0x0000000008000528       0x60 Core/Src/i2c-lcd.o
                0x0000000008000528                lcd_send_data
 .text.lcd_init
                0x0000000008000588       0x20 Core/Src/i2c-lcd.o
                0x0000000008000588                lcd_init
 .text.lcd_send_string
                0x00000000080005a8       0x28 Core/Src/i2c-lcd.o
                0x00000000080005a8                lcd_send_string
 .text.led_control
                0x00000000080005d0      0x3f4 Core/Src/main.o
                0x00000000080005d0                led_control
 .text.main     0x00000000080009c4       0x38 Core/Src/main.o
                0x00000000080009c4                main
 .text.SystemClock_Config
                0x00000000080009fc       0xd4 Core/Src/main.o
                0x00000000080009fc                SystemClock_Config
 .text.MX_I2C1_Init
                0x0000000008000ad0       0x5c Core/Src/main.o
 .text.MX_USART1_UART_Init
                0x0000000008000b2c       0x54 Core/Src/main.o
 .text.MX_GPIO_Init
                0x0000000008000b80       0xbc Core/Src/main.o
 .text.Error_Handler
                0x0000000008000c3c        0x8 Core/Src/main.o
                0x0000000008000c3c                Error_Handler
 .text.HAL_MspInit
                0x0000000008000c44       0x50 Core/Src/stm32f4xx_hal_msp.o
                0x0000000008000c44                HAL_MspInit
 .text.HAL_I2C_MspInit
                0x0000000008000c94       0x90 Core/Src/stm32f4xx_hal_msp.o
                0x0000000008000c94                HAL_I2C_MspInit
 .text.HAL_UART_MspInit
                0x0000000008000d24       0x90 Core/Src/stm32f4xx_hal_msp.o
                0x0000000008000d24                HAL_UART_MspInit
 .text.NMI_Handler
                0x0000000008000db4        0x6 Core/Src/stm32f4xx_it.o
                0x0000000008000db4                NMI_Handler
 .text.HardFault_Handler
                0x0000000008000dba        0x6 Core/Src/stm32f4xx_it.o
                0x0000000008000dba                HardFault_Handler
 .text.MemManage_Handler
                0x0000000008000dc0        0x6 Core/Src/stm32f4xx_it.o
                0x0000000008000dc0                MemManage_Handler
 .text.BusFault_Handler
                0x0000000008000dc6        0x6 Core/Src/stm32f4xx_it.o
                0x0000000008000dc6                BusFault_Handler
 .text.UsageFault_Handler
                0x0000000008000dcc        0x6 Core/Src/stm32f4xx_it.o
                0x0000000008000dcc                UsageFault_Handler
 .text.SVC_Handler
                0x0000000008000dd2        0xe Core/Src/stm32f4xx_it.o
                0x0000000008000dd2                SVC_Handler
 .text.DebugMon_Handler
                0x0000000008000de0        0xe Core/Src/stm32f4xx_it.o
                0x0000000008000de0                DebugMon_Handler
 .text.PendSV_Handler
                0x0000000008000dee        0xe Core/Src/stm32f4xx_it.o
                0x0000000008000dee                PendSV_Handler
 .text.SysTick_Handler
                0x0000000008000dfc        0xc Core/Src/stm32f4xx_it.o
                0x0000000008000dfc                SysTick_Handler
 .text.SystemInit
                0x0000000008000e08       0x2c Core/Src/system_stm32f4xx.o
                0x0000000008000e08                SystemInit
 .text.Reset_Handler
                0x0000000008000e34       0x50 Core/Startup/startup_stm32f407vgtx.o
                0x0000000008000e34                Reset_Handler
 .text.Default_Handler
                0x0000000008000e84        0x2 Core/Startup/startup_stm32f407vgtx.o
                0x0000000008000e84                RTC_Alarm_IRQHandler
                0x0000000008000e84                HASH_RNG_IRQHandler
                0x0000000008000e84                EXTI2_IRQHandler
                0x0000000008000e84                TIM8_CC_IRQHandler
                0x0000000008000e84                TIM1_CC_IRQHandler
                0x0000000008000e84                DMA2_Stream5_IRQHandler
                0x0000000008000e84                DMA1_Stream5_IRQHandler
                0x0000000008000e84                PVD_IRQHandler
                0x0000000008000e84                SDIO_IRQHandler
                0x0000000008000e84                TAMP_STAMP_IRQHandler
                0x0000000008000e84                CAN2_RX1_IRQHandler
                0x0000000008000e84                EXTI3_IRQHandler
                0x0000000008000e84                TIM8_TRG_COM_TIM14_IRQHandler
                0x0000000008000e84                TIM1_UP_TIM10_IRQHandler
                0x0000000008000e84                TIM8_UP_TIM13_IRQHandler
                0x0000000008000e84                I2C3_ER_IRQHandler
                0x0000000008000e84                EXTI0_IRQHandler
                0x0000000008000e84                I2C2_EV_IRQHandler
                0x0000000008000e84                DMA1_Stream2_IRQHandler
                0x0000000008000e84                CAN1_RX0_IRQHandler
                0x0000000008000e84                FPU_IRQHandler
                0x0000000008000e84                OTG_HS_WKUP_IRQHandler
                0x0000000008000e84                CAN2_SCE_IRQHandler
                0x0000000008000e84                DMA2_Stream2_IRQHandler
                0x0000000008000e84                SPI1_IRQHandler
                0x0000000008000e84                TIM6_DAC_IRQHandler
                0x0000000008000e84                TIM1_BRK_TIM9_IRQHandler
                0x0000000008000e84                DCMI_IRQHandler
                0x0000000008000e84                CAN2_RX0_IRQHandler
                0x0000000008000e84                DMA2_Stream3_IRQHandler
                0x0000000008000e84                USART6_IRQHandler
                0x0000000008000e84                USART3_IRQHandler
                0x0000000008000e84                CAN1_RX1_IRQHandler
                0x0000000008000e84                UART5_IRQHandler
                0x0000000008000e84                DMA2_Stream0_IRQHandler
                0x0000000008000e84                TIM4_IRQHandler
                0x0000000008000e84                I2C1_EV_IRQHandler
                0x0000000008000e84                DMA1_Stream6_IRQHandler
                0x0000000008000e84                DMA1_Stream1_IRQHandler
                0x0000000008000e84                UART4_IRQHandler
                0x0000000008000e84                TIM3_IRQHandler
                0x0000000008000e84                RCC_IRQHandler
                0x0000000008000e84                TIM8_BRK_TIM12_IRQHandler
                0x0000000008000e84                Default_Handler
                0x0000000008000e84                EXTI15_10_IRQHandler
                0x0000000008000e84                ADC_IRQHandler
                0x0000000008000e84                DMA1_Stream7_IRQHandler
                0x0000000008000e84                TIM7_IRQHandler
                0x0000000008000e84                CAN2_TX_IRQHandler
                0x0000000008000e84                TIM5_IRQHandler
                0x0000000008000e84                DMA2_Stream7_IRQHandler
                0x0000000008000e84                I2C3_EV_IRQHandler
                0x0000000008000e84                EXTI9_5_IRQHandler
                0x0000000008000e84                RTC_WKUP_IRQHandler
                0x0000000008000e84                ETH_WKUP_IRQHandler
                0x0000000008000e84                SPI2_IRQHandler
                0x0000000008000e84                OTG_HS_EP1_IN_IRQHandler
                0x0000000008000e84                DMA1_Stream0_IRQHandler
                0x0000000008000e84                CAN1_TX_IRQHandler
                0x0000000008000e84                EXTI4_IRQHandler
                0x0000000008000e84                FSMC_IRQHandler
                0x0000000008000e84                ETH_IRQHandler
                0x0000000008000e84                OTG_HS_EP1_OUT_IRQHandler
                0x0000000008000e84                WWDG_IRQHandler
                0x0000000008000e84                TIM2_IRQHandler
                0x0000000008000e84                OTG_FS_WKUP_IRQHandler
                0x0000000008000e84                TIM1_TRG_COM_TIM11_IRQHandler
                0x0000000008000e84                OTG_HS_IRQHandler
                0x0000000008000e84                EXTI1_IRQHandler
                0x0000000008000e84                USART2_IRQHandler
                0x0000000008000e84                I2C2_ER_IRQHandler
                0x0000000008000e84                DMA2_Stream1_IRQHandler
                0x0000000008000e84                CAN1_SCE_IRQHandler
                0x0000000008000e84                FLASH_IRQHandler
                0x0000000008000e84                DMA2_Stream4_IRQHandler
                0x0000000008000e84                USART1_IRQHandler
                0x0000000008000e84                OTG_FS_IRQHandler
                0x0000000008000e84                SPI3_IRQHandler
                0x0000000008000e84                DMA1_Stream4_IRQHandler
                0x0000000008000e84                I2C1_ER_IRQHandler
                0x0000000008000e84                DMA2_Stream6_IRQHandler
                0x0000000008000e84                DMA1_Stream3_IRQHandler
 *fill*         0x0000000008000e86        0x2 
 .text.HAL_Init
                0x0000000008000e88       0x44 Drivers/STM32F4xx_HAL_Driver/Src/stm32f4xx_hal.o
                0x0000000008000e88                HAL_Init
 .text.HAL_InitTick
                0x0000000008000ecc       0x60 Drivers/STM32F4xx_HAL_Driver/Src/stm32f4xx_hal.o
                0x0000000008000ecc                HAL_InitTick
 .text.HAL_IncTick
                0x0000000008000f2c       0x28 Drivers/STM32F4xx_HAL_Driver/Src/stm32f4xx_hal.o
                0x0000000008000f2c                HAL_IncTick
 .text.HAL_GetTick
                0x0000000008000f54       0x18 Drivers/STM32F4xx_HAL_Driver/Src/stm32f4xx_hal.o
                0x0000000008000f54                HAL_GetTick
 .text.HAL_Delay
                0x0000000008000f6c       0x44 Drivers/STM32F4xx_HAL_Driver/Src/stm32f4xx_hal.o
                0x0000000008000f6c                HAL_Delay
 .text.__NVIC_SetPriorityGrouping
                0x0000000008000fb0       0x48 Drivers/STM32F4xx_HAL_Driver/Src/stm32f4xx_hal_cortex.o
 .text.__NVIC_GetPriorityGrouping
                0x0000000008000ff8       0x1c Drivers/STM32F4xx_HAL_Driver/Src/stm32f4xx_hal_cortex.o
 .text.__NVIC_SetPriority
                0x0000000008001014       0x54 Drivers/STM32F4xx_HAL_Driver/Src/stm32f4xx_hal_cortex.o
 .text.NVIC_EncodePriority
                0x0000000008001068       0x66 Drivers/STM32F4xx_HAL_Driver/Src/stm32f4xx_hal_cortex.o
 *fill*         0x00000000080010ce        0x2 
 .text.SysTick_Config
                0x00000000080010d0       0x44 Drivers/STM32F4xx_HAL_Driver/Src/stm32f4xx_hal_cortex.o
 .text.HAL_NVIC_SetPriorityGrouping
                0x0000000008001114       0x16 Drivers/STM32F4xx_HAL_Driver/Src/stm32f4xx_hal_cortex.o
                0x0000000008001114                HAL_NVIC_SetPriorityGrouping
 .text.HAL_NVIC_SetPriority
                0x000000000800112a       0x38 Drivers/STM32F4xx_HAL_Driver/Src/stm32f4xx_hal_cortex.o
                0x000000000800112a                HAL_NVIC_SetPriority
 .text.HAL_SYSTICK_Config
                0x0000000008001162       0x18 Drivers/STM32F4xx_HAL_Driver/Src/stm32f4xx_hal_cortex.o
                0x0000000008001162                HAL_SYSTICK_Config
 *fill*         0x000000000800117a        0x2 
 .text.HAL_GPIO_Init
                0x000000000800117c      0x334 Drivers/STM32F4xx_HAL_Driver/Src/stm32f4xx_hal_gpio.o
                0x000000000800117c                HAL_GPIO_Init
 .text.HAL_GPIO_WritePin
                0x00000000080014b0       0x32 Drivers/STM32F4xx_HAL_Driver/Src/stm32f4xx_hal_gpio.o
                0x00000000080014b0                HAL_GPIO_WritePin
 *fill*         0x00000000080014e2        0x2 
 .text.HAL_I2C_Init
                0x00000000080014e4      0x270 Drivers/STM32F4xx_HAL_Driver/Src/stm32f4xx_hal_i2c.o
                0x00000000080014e4                HAL_I2C_Init
 .text.HAL_I2C_Master_Transmit
                0x0000000008001754      0x1fc Drivers/STM32F4xx_HAL_Driver/Src/stm32f4xx_hal_i2c.o
                0x0000000008001754                HAL_I2C_Master_Transmit
 .text.I2C_MasterRequestWrite
                0x0000000008001950      0x104 Drivers/STM32F4xx_HAL_Driver/Src/stm32f4xx_hal_i2c.o
 .text.I2C_WaitOnFlagUntilTimeout
                0x0000000008001a54       0xae Drivers/STM32F4xx_HAL_Driver/Src/stm32f4xx_hal_i2c.o
 .text.I2C_WaitOnMasterAddressFlagUntilTimeout
                0x0000000008001b02       0xfe Drivers/STM32F4xx_HAL_Driver/Src/stm32f4xx_hal_i2c.o
 .text.I2C_WaitOnTXEFlagUntilTimeout
                0x0000000008001c00       0x82 Drivers/STM32F4xx_HAL_Driver/Src/stm32f4xx_hal_i2c.o
 .text.I2C_WaitOnBTFFlagUntilTimeout
                0x0000000008001c82       0x82 Drivers/STM32F4xx_HAL_Driver/Src/stm32f4xx_hal_i2c.o
 .text.I2C_IsAcknowledgeFailed
                0x0000000008001d04       0x5e Drivers/STM32F4xx_HAL_Driver/Src/stm32f4xx_hal_i2c.o
 *fill*         0x0000000008001d62        0x2 
 .text.HAL_RCC_OscConfig
                0x0000000008001d64      0x4e0 Drivers/STM32F4xx_HAL_Driver/Src/stm32f4xx_hal_rcc.o
                0x0000000008001d64                HAL_RCC_OscConfig
 .text.HAL_RCC_ClockConfig
                0x0000000008002244      0x1cc Drivers/STM32F4xx_HAL_Driver/Src/stm32f4xx_hal_rcc.o
                0x0000000008002244                HAL_RCC_ClockConfig
 .text.HAL_RCC_GetSysClockFreq
                0x0000000008002410      0x1b0 Drivers/STM32F4xx_HAL_Driver/Src/stm32f4xx_hal_rcc.o
                0x0000000008002410                HAL_RCC_GetSysClockFreq
 .text.HAL_RCC_GetHCLKFreq
                0x00000000080025c0       0x18 Drivers/STM32F4xx_HAL_Driver/Src/stm32f4xx_hal_rcc.o
                0x00000000080025c0                HAL_RCC_GetHCLKFreq
 .text.HAL_RCC_GetPCLK1Freq
                0x00000000080025d8       0x28 Drivers/STM32F4xx_HAL_Driver/Src/stm32f4xx_hal_rcc.o
                0x00000000080025d8                HAL_RCC_GetPCLK1Freq
 .text.HAL_RCC_GetPCLK2Freq
                0x0000000008002600       0x28 Drivers/STM32F4xx_HAL_Driver/Src/stm32f4xx_hal_rcc.o
                0x0000000008002600                HAL_RCC_GetPCLK2Freq
 .text.HAL_UART_Init
                0x0000000008002628       0x9a Drivers/STM32F4xx_HAL_Driver/Src/stm32f4xx_hal_uart.o
                0x0000000008002628                HAL_UART_Init
 .text.HAL_UART_Receive
                0x00000000080026c2      0x14c Drivers/STM32F4xx_HAL_Driver/Src/stm32f4xx_hal_uart.o
                0x00000000080026c2                HAL_UART_Receive
 .text.UART_WaitOnFlagUntilTimeout
                0x000000000800280e       0x94 Drivers/STM32F4xx_HAL_Driver/Src/stm32f4xx_hal_uart.o
 *fill*         0x00000000080028a2        0x2 
 .text.UART_SetConfig
                0x00000000080028a4      0x6f8 Drivers/STM32F4xx_HAL_Driver/Src/stm32f4xx_hal_uart.o
 .text.__libc_init_array
                0x0000000008002f9c       0x48 c:/st/stm32cubeide_1.5.0/stm32cubeide/plugins/com.st.stm32cube.ide.mcu.externaltools.gnu-tools-for-stm32.7-2018-q2-update.win32_1.5.0.202011040924/tools/bin/../lib/gcc/arm-none-eabi/7.3.1/../../../../arm-none-eabi/lib/thumb/v7e-m/fpv4-sp/hard\libc_nano.a(lib_a-init.o)
                0x0000000008002f9c                __libc_init_array
 .text.memset   0x0000000008002fe4       0x10 c:/st/stm32cubeide_1.5.0/stm32cubeide/plugins/com.st.stm32cube.ide.mcu.externaltools.gnu-tools-for-stm32.7-2018-q2-update.win32_1.5.0.202011040924/tools/bin/../lib/gcc/arm-none-eabi/7.3.1/../../../../arm-none-eabi/lib/thumb/v7e-m/fpv4-sp/hard\libc_nano.a(lib_a-memset.o)
                0x0000000008002fe4                memset
 *(.glue_7)
 .glue_7        0x0000000008002ff4        0x0 linker stubs
 *(.glue_7t)
 .glue_7t       0x0000000008002ff4        0x0 linker stubs
 *(.eh_frame)
 .eh_frame      0x0000000008002ff4        0x0 c:/st/stm32cubeide_1.5.0/stm32cubeide/plugins/com.st.stm32cube.ide.mcu.externaltools.gnu-tools-for-stm32.7-2018-q2-update.win32_1.5.0.202011040924/tools/bin/../lib/gcc/arm-none-eabi/7.3.1/thumb/v7e-m/fpv4-sp/hard/crtbegin.o
 *(.init)
 .init          0x0000000008002ff4        0x4 c:/st/stm32cubeide_1.5.0/stm32cubeide/plugins/com.st.stm32cube.ide.mcu.externaltools.gnu-tools-for-stm32.7-2018-q2-update.win32_1.5.0.202011040924/tools/bin/../lib/gcc/arm-none-eabi/7.3.1/thumb/v7e-m/fpv4-sp/hard/crti.o
                0x0000000008002ff4                _init
 .init          0x0000000008002ff8        0x8 c:/st/stm32cubeide_1.5.0/stm32cubeide/plugins/com.st.stm32cube.ide.mcu.externaltools.gnu-tools-for-stm32.7-2018-q2-update.win32_1.5.0.202011040924/tools/bin/../lib/gcc/arm-none-eabi/7.3.1/thumb/v7e-m/fpv4-sp/hard/crtn.o
 *(.fini)
 .fini          0x0000000008003000        0x4 c:/st/stm32cubeide_1.5.0/stm32cubeide/plugins/com.st.stm32cube.ide.mcu.externaltools.gnu-tools-for-stm32.7-2018-q2-update.win32_1.5.0.202011040924/tools/bin/../lib/gcc/arm-none-eabi/7.3.1/thumb/v7e-m/fpv4-sp/hard/crti.o
                0x0000000008003000                _fini
 .fini          0x0000000008003004        0x8 c:/st/stm32cubeide_1.5.0/stm32cubeide/plugins/com.st.stm32cube.ide.mcu.externaltools.gnu-tools-for-stm32.7-2018-q2-update.win32_1.5.0.202011040924/tools/bin/../lib/gcc/arm-none-eabi/7.3.1/thumb/v7e-m/fpv4-sp/hard/crtn.o
                0x000000000800300c                . = ALIGN (0x4)
                0x000000000800300c                _etext = .

.vfp11_veneer   0x000000000800300c        0x0
 .vfp11_veneer  0x000000000800300c        0x0 linker stubs

.v4_bx          0x000000000800300c        0x0
 .v4_bx         0x000000000800300c        0x0 linker stubs

.iplt           0x000000000800300c        0x0
 .iplt          0x000000000800300c        0x0 c:/st/stm32cubeide_1.5.0/stm32cubeide/plugins/com.st.stm32cube.ide.mcu.externaltools.gnu-tools-for-stm32.7-2018-q2-update.win32_1.5.0.202011040924/tools/bin/../lib/gcc/arm-none-eabi/7.3.1/thumb/v7e-m/fpv4-sp/hard/crtbegin.o

.rodata         0x000000000800300c       0x4c
                0x000000000800300c                . = ALIGN (0x4)
 *(.rodata)
 .rodata        0x000000000800300c       0x32 Core/Src/main.o
 *(.rodata*)
 *fill*         0x000000000800303e        0x2 
 .rodata.AHBPrescTable
                0x0000000008003040       0x10 Core/Src/system_stm32f4xx.o
                0x0000000008003040                AHBPrescTable
 .rodata.APBPrescTable
                0x0000000008003050        0x8 Core/Src/system_stm32f4xx.o
                0x0000000008003050                APBPrescTable
                0x0000000008003058                . = ALIGN (0x4)

.ARM.extab      0x0000000008003058        0x0
                0x0000000008003058                . = ALIGN (0x4)
 *(.ARM.extab* .gnu.linkonce.armextab.*)
                0x0000000008003058                . = ALIGN (0x4)

.ARM            0x0000000008003058        0x8
                0x0000000008003058                . = ALIGN (0x4)
                0x0000000008003058                __exidx_start = .
 *(.ARM.exidx*)
 .ARM.exidx     0x0000000008003058        0x8 c:/st/stm32cubeide_1.5.0/stm32cubeide/plugins/com.st.stm32cube.ide.mcu.externaltools.gnu-tools-for-stm32.7-2018-q2-update.win32_1.5.0.202011040924/tools/bin/../lib/gcc/arm-none-eabi/7.3.1/thumb/v7e-m/fpv4-sp/hard\libgcc.a(_udivmoddi4.o)
                0x0000000008003060                __exidx_end = .
                0x0000000008003060                . = ALIGN (0x4)

.rel.dyn        0x0000000008003060        0x0
 .rel.iplt      0x0000000008003060        0x0 c:/st/stm32cubeide_1.5.0/stm32cubeide/plugins/com.st.stm32cube.ide.mcu.externaltools.gnu-tools-for-stm32.7-2018-q2-update.win32_1.5.0.202011040924/tools/bin/../lib/gcc/arm-none-eabi/7.3.1/thumb/v7e-m/fpv4-sp/hard/crtbegin.o

.preinit_array  0x0000000008003060        0x0
                0x0000000008003060                . = ALIGN (0x4)
                0x0000000008003060                PROVIDE (__preinit_array_start = .)
 *(.preinit_array*)
                0x0000000008003060                PROVIDE (__preinit_array_end = .)
                0x0000000008003060                . = ALIGN (0x4)

.init_array     0x0000000008003060        0x4
                0x0000000008003060                . = ALIGN (0x4)
                0x0000000008003060                PROVIDE (__init_array_start = .)
 *(SORT_BY_NAME(.init_array.*))
 *(.init_array*)
 .init_array    0x0000000008003060        0x4 c:/st/stm32cubeide_1.5.0/stm32cubeide/plugins/com.st.stm32cube.ide.mcu.externaltools.gnu-tools-for-stm32.7-2018-q2-update.win32_1.5.0.202011040924/tools/bin/../lib/gcc/arm-none-eabi/7.3.1/thumb/v7e-m/fpv4-sp/hard/crtbegin.o
                0x0000000008003064                PROVIDE (__init_array_end = .)
                0x0000000008003064                . = ALIGN (0x4)

.fini_array     0x0000000008003064        0x4
                0x0000000008003064                . = ALIGN (0x4)
                [!provide]                        PROVIDE (__fini_array_start = .)
 *(SORT_BY_NAME(.fini_array.*))
 *(.fini_array*)
 .fini_array    0x0000000008003064        0x4 c:/st/stm32cubeide_1.5.0/stm32cubeide/plugins/com.st.stm32cube.ide.mcu.externaltools.gnu-tools-for-stm32.7-2018-q2-update.win32_1.5.0.202011040924/tools/bin/../lib/gcc/arm-none-eabi/7.3.1/thumb/v7e-m/fpv4-sp/hard/crtbegin.o
                [!provide]                        PROVIDE (__fini_array_end = .)
                0x0000000008003068                . = ALIGN (0x4)
                0x0000000008003068                _sidata = LOADADDR (.data)

.data           0x0000000020000000        0xc load address 0x0000000008003068
                0x0000000020000000                . = ALIGN (0x4)
                0x0000000020000000                _sdata = .
 *(.data)
 *(.data*)
 .data.SystemCoreClock
                0x0000000020000000        0x4 Core/Src/system_stm32f4xx.o
                0x0000000020000000                SystemCoreClock
 .data.uwTickPrio
                0x0000000020000004        0x4 Drivers/STM32F4xx_HAL_Driver/Src/stm32f4xx_hal.o
                0x0000000020000004                uwTickPrio
 .data.uwTickFreq
                0x0000000020000008        0x1 Drivers/STM32F4xx_HAL_Driver/Src/stm32f4xx_hal.o
                0x0000000020000008                uwTickFreq
 *(.RamFunc)
 *(.RamFunc*)
                0x000000002000000c                . = ALIGN (0x4)
 *fill*         0x0000000020000009        0x3 
                0x000000002000000c                _edata = .

.igot.plt       0x000000002000000c        0x0 load address 0x0000000008003074
 .igot.plt      0x000000002000000c        0x0 c:/st/stm32cubeide_1.5.0/stm32cubeide/plugins/com.st.stm32cube.ide.mcu.externaltools.gnu-tools-for-stm32.7-2018-q2-update.win32_1.5.0.202011040924/tools/bin/../lib/gcc/arm-none-eabi/7.3.1/thumb/v7e-m/fpv4-sp/hard/crtbegin.o
                0x000000002000000c                . = ALIGN (0x4)

.bss            0x000000002000000c       0xe8 load address 0x0000000008003074
                0x000000002000000c                _sbss = .
                0x000000002000000c                __bss_start__ = _sbss
 *(.bss)
 .bss           0x000000002000000c       0x1c c:/st/stm32cubeide_1.5.0/stm32cubeide/plugins/com.st.stm32cube.ide.mcu.externaltools.gnu-tools-for-stm32.7-2018-q2-update.win32_1.5.0.202011040924/tools/bin/../lib/gcc/arm-none-eabi/7.3.1/thumb/v7e-m/fpv4-sp/hard/crtbegin.o
 *(.bss*)
 *(COMMON)
 COMMON         0x0000000020000028       0xc6 Core/Src/main.o
                0x0000000020000028                hi2c1
                0x000000002000007c                huart1
                0x00000000200000bc                rx_data
 *fill*         0x00000000200000ee        0x2 
 COMMON         0x00000000200000f0        0x4 Drivers/STM32F4xx_HAL_Driver/Src/stm32f4xx_hal.o
                0x00000000200000f0                uwTick
                0x00000000200000f4                . = ALIGN (0x4)
                0x00000000200000f4                _ebss = .
                0x00000000200000f4                __bss_end__ = _ebss

._user_heap_stack
                0x00000000200000f4      0x604 load address 0x0000000008003074
                0x00000000200000f8                . = ALIGN (0x8)
 *fill*         0x00000000200000f4        0x4 
                [!provide]                        PROVIDE (end = .)
                0x00000000200000f8                PROVIDE (_end = .)
                0x00000000200002f8                . = (. + _Min_Heap_Size)
 *fill*         0x00000000200000f8      0x200 
                0x00000000200006f8                . = (. + _Min_Stack_Size)
 *fill*         0x00000000200002f8      0x400 
                0x00000000200006f8                . = ALIGN (0x8)

/DISCARD/
 libc.a(*)
 libm.a(*)
 libgcc.a(*)

.ARM.attributes
                0x0000000000000000       0x30
 *(.ARM.attributes)
 .ARM.attributes
                0x0000000000000000       0x22 c:/st/stm32cubeide_1.5.0/stm32cubeide/plugins/com.st.stm32cube.ide.mcu.externaltools.gnu-tools-for-stm32.7-2018-q2-update.win32_1.5.0.202011040924/tools/bin/../lib/gcc/arm-none-eabi/7.3.1/thumb/v7e-m/fpv4-sp/hard/crti.o
 .ARM.attributes
                0x0000000000000022       0x34 c:/st/stm32cubeide_1.5.0/stm32cubeide/plugins/com.st.stm32cube.ide.mcu.externaltools.gnu-tools-for-stm32.7-2018-q2-update.win32_1.5.0.202011040924/tools/bin/../lib/gcc/arm-none-eabi/7.3.1/thumb/v7e-m/fpv4-sp/hard/crtbegin.o
 .ARM.attributes
                0x0000000000000056       0x39 Core/Src/i2c-lcd.o
 .ARM.attributes
                0x000000000000008f       0x39 Core/Src/main.o
 .ARM.attributes
                0x00000000000000c8       0x39 Core/Src/stm32f4xx_hal_msp.o
 .ARM.attributes
                0x0000000000000101       0x39 Core/Src/stm32f4xx_it.o
 .ARM.attributes
                0x000000000000013a       0x39 Core/Src/system_stm32f4xx.o
 .ARM.attributes
                0x0000000000000173       0x21 Core/Startup/startup_stm32f407vgtx.o
 .ARM.attributes
                0x0000000000000194       0x39 Drivers/STM32F4xx_HAL_Driver/Src/stm32f4xx_hal.o
 .ARM.attributes
                0x00000000000001cd       0x39 Drivers/STM32F4xx_HAL_Driver/Src/stm32f4xx_hal_cortex.o
 .ARM.attributes
                0x0000000000000206       0x39 Drivers/STM32F4xx_HAL_Driver/Src/stm32f4xx_hal_gpio.o
 .ARM.attributes
                0x000000000000023f       0x39 Drivers/STM32F4xx_HAL_Driver/Src/stm32f4xx_hal_i2c.o
 .ARM.attributes
                0x0000000000000278       0x39 Drivers/STM32F4xx_HAL_Driver/Src/stm32f4xx_hal_rcc.o
 .ARM.attributes
                0x00000000000002b1       0x39 Drivers/STM32F4xx_HAL_Driver/Src/stm32f4xx_hal_uart.o
 .ARM.attributes
                0x00000000000002ea       0x34 c:/st/stm32cubeide_1.5.0/stm32cubeide/plugins/com.st.stm32cube.ide.mcu.externaltools.gnu-tools-for-stm32.7-2018-q2-update.win32_1.5.0.202011040924/tools/bin/../lib/gcc/arm-none-eabi/7.3.1/../../../../arm-none-eabi/lib/thumb/v7e-m/fpv4-sp/hard\libc_nano.a(lib_a-init.o)
 .ARM.attributes
                0x000000000000031e       0x34 c:/st/stm32cubeide_1.5.0/stm32cubeide/plugins/com.st.stm32cube.ide.mcu.externaltools.gnu-tools-for-stm32.7-2018-q2-update.win32_1.5.0.202011040924/tools/bin/../lib/gcc/arm-none-eabi/7.3.1/../../../../arm-none-eabi/lib/thumb/v7e-m/fpv4-sp/hard\libc_nano.a(lib_a-memset.o)
 .ARM.attributes
                0x0000000000000352       0x22 c:/st/stm32cubeide_1.5.0/stm32cubeide/plugins/com.st.stm32cube.ide.mcu.externaltools.gnu-tools-for-stm32.7-2018-q2-update.win32_1.5.0.202011040924/tools/bin/../lib/gcc/arm-none-eabi/7.3.1/thumb/v7e-m/fpv4-sp/hard\libgcc.a(_aeabi_uldivmod.o)
 .ARM.attributes
                0x0000000000000374       0x34 c:/st/stm32cubeide_1.5.0/stm32cubeide/plugins/com.st.stm32cube.ide.mcu.externaltools.gnu-tools-for-stm32.7-2018-q2-update.win32_1.5.0.202011040924/tools/bin/../lib/gcc/arm-none-eabi/7.3.1/thumb/v7e-m/fpv4-sp/hard\libgcc.a(_udivmoddi4.o)
 .ARM.attributes
                0x00000000000003a8       0x22 c:/st/stm32cubeide_1.5.0/stm32cubeide/plugins/com.st.stm32cube.ide.mcu.externaltools.gnu-tools-for-stm32.7-2018-q2-update.win32_1.5.0.202011040924/tools/bin/../lib/gcc/arm-none-eabi/7.3.1/thumb/v7e-m/fpv4-sp/hard\libgcc.a(_dvmd_tls.o)
 .ARM.attributes
                0x00000000000003ca       0x22 c:/st/stm32cubeide_1.5.0/stm32cubeide/plugins/com.st.stm32cube.ide.mcu.externaltools.gnu-tools-for-stm32.7-2018-q2-update.win32_1.5.0.202011040924/tools/bin/../lib/gcc/arm-none-eabi/7.3.1/thumb/v7e-m/fpv4-sp/hard/crtn.o
OUTPUT(DENEME_I2C_NEXTION_2X16_GITHUB.elf elf32-littlearm)

.debug_info     0x0000000000000000     0x8801
 .debug_info    0x0000000000000000      0x754 Core/Src/i2c-lcd.o
 .debug_info    0x0000000000000754      0xe4a Core/Src/main.o
 .debug_info    0x000000000000159e      0xc4b Core/Src/stm32f4xx_hal_msp.o
 .debug_info    0x00000000000021e9      0x20a Core/Src/stm32f4xx_it.o
 .debug_info    0x00000000000023f3      0x554 Core/Src/system_stm32f4xx.o
 .debug_info    0x0000000000002947       0x22 Core/Startup/startup_stm32f407vgtx.o
 .debug_info    0x0000000000002969      0x945 Drivers/STM32F4xx_HAL_Driver/Src/stm32f4xx_hal.o
 .debug_info    0x00000000000032ae      0xe28 Drivers/STM32F4xx_HAL_Driver/Src/stm32f4xx_hal_cortex.o
 .debug_info    0x00000000000040d6      0x7b5 Drivers/STM32F4xx_HAL_Driver/Src/stm32f4xx_hal_gpio.o
 .debug_info    0x000000000000488b     0x2426 Drivers/STM32F4xx_HAL_Driver/Src/stm32f4xx_hal_i2c.o
 .debug_info    0x0000000000006cb1      0x904 Drivers/STM32F4xx_HAL_Driver/Src/stm32f4xx_hal_rcc.o
 .debug_info    0x00000000000075b5     0x124c Drivers/STM32F4xx_HAL_Driver/Src/stm32f4xx_hal_uart.o

.debug_abbrev   0x0000000000000000     0x14a1
 .debug_abbrev  0x0000000000000000      0x190 Core/Src/i2c-lcd.o
 .debug_abbrev  0x0000000000000190      0x21d Core/Src/main.o
 .debug_abbrev  0x00000000000003ad      0x18c Core/Src/stm32f4xx_hal_msp.o
 .debug_abbrev  0x0000000000000539       0xc6 Core/Src/stm32f4xx_it.o
 .debug_abbrev  0x00000000000005ff      0x12b Core/Src/system_stm32f4xx.o
 .debug_abbrev  0x000000000000072a       0x12 Core/Startup/startup_stm32f407vgtx.o
 .debug_abbrev  0x000000000000073c      0x1c7 Drivers/STM32F4xx_HAL_Driver/Src/stm32f4xx_hal.o
 .debug_abbrev  0x0000000000000903      0x2fa Drivers/STM32F4xx_HAL_Driver/Src/stm32f4xx_hal_cortex.o
 .debug_abbrev  0x0000000000000bfd      0x1c9 Drivers/STM32F4xx_HAL_Driver/Src/stm32f4xx_hal_gpio.o
 .debug_abbrev  0x0000000000000dc6      0x254 Drivers/STM32F4xx_HAL_Driver/Src/stm32f4xx_hal_i2c.o
 .debug_abbrev  0x000000000000101a      0x245 Drivers/STM32F4xx_HAL_Driver/Src/stm32f4xx_hal_rcc.o
 .debug_abbrev  0x000000000000125f      0x242 Drivers/STM32F4xx_HAL_Driver/Src/stm32f4xx_hal_uart.o

.debug_aranges  0x0000000000000000      0x8d0
 .debug_aranges
                0x0000000000000000       0x38 Core/Src/i2c-lcd.o
 .debug_aranges
                0x0000000000000038       0x50 Core/Src/main.o
 .debug_aranges
                0x0000000000000088       0x40 Core/Src/stm32f4xx_hal_msp.o
 .debug_aranges
                0x00000000000000c8       0x60 Core/Src/stm32f4xx_it.o
 .debug_aranges
                0x0000000000000128       0x28 Core/Src/system_stm32f4xx.o
 .debug_aranges
                0x0000000000000150       0x28 Core/Startup/startup_stm32f407vgtx.o
 .debug_aranges
                0x0000000000000178       0xf0 Drivers/STM32F4xx_HAL_Driver/Src/stm32f4xx_hal.o
 .debug_aranges
                0x0000000000000268      0x118 Drivers/STM32F4xx_HAL_Driver/Src/stm32f4xx_hal_cortex.o
 .debug_aranges
                0x0000000000000380       0x58 Drivers/STM32F4xx_HAL_Driver/Src/stm32f4xx_hal_gpio.o
 .debug_aranges
                0x00000000000003d8      0x2a0 Drivers/STM32F4xx_HAL_Driver/Src/stm32f4xx_hal_i2c.o
 .debug_aranges
                0x0000000000000678       0x88 Drivers/STM32F4xx_HAL_Driver/Src/stm32f4xx_hal_rcc.o
 .debug_aranges
                0x0000000000000700      0x1d0 Drivers/STM32F4xx_HAL_Driver/Src/stm32f4xx_hal_uart.o

.debug_ranges   0x0000000000000000      0x840
 .debug_ranges  0x0000000000000000       0x28 Core/Src/i2c-lcd.o
 .debug_ranges  0x0000000000000028       0x40 Core/Src/main.o
 .debug_ranges  0x0000000000000068       0x30 Core/Src/stm32f4xx_hal_msp.o
 .debug_ranges  0x0000000000000098       0x50 Core/Src/stm32f4xx_it.o
 .debug_ranges  0x00000000000000e8       0x18 Core/Src/system_stm32f4xx.o
 .debug_ranges  0x0000000000000100       0x20 Core/Startup/startup_stm32f407vgtx.o
 .debug_ranges  0x0000000000000120       0xe0 Drivers/STM32F4xx_HAL_Driver/Src/stm32f4xx_hal.o
 .debug_ranges  0x0000000000000200      0x108 Drivers/STM32F4xx_HAL_Driver/Src/stm32f4xx_hal_cortex.o
 .debug_ranges  0x0000000000000308       0x48 Drivers/STM32F4xx_HAL_Driver/Src/stm32f4xx_hal_gpio.o
 .debug_ranges  0x0000000000000350      0x2b8 Drivers/STM32F4xx_HAL_Driver/Src/stm32f4xx_hal_i2c.o
 .debug_ranges  0x0000000000000608       0x78 Drivers/STM32F4xx_HAL_Driver/Src/stm32f4xx_hal_rcc.o
 .debug_ranges  0x0000000000000680      0x1c0 Drivers/STM32F4xx_HAL_Driver/Src/stm32f4xx_hal_uart.o

.debug_macro    0x0000000000000000    0x1f83a
 .debug_macro   0x0000000000000000      0x1de Core/Src/i2c-lcd.o
 .debug_macro   0x00000000000001de      0xa5a Core/Src/i2c-lcd.o
 .debug_macro   0x0000000000000c38      0x294 Core/Src/i2c-lcd.o
 .debug_macro   0x0000000000000ecc       0x2e Core/Src/i2c-lcd.o
 .debug_macro   0x0000000000000efa       0x2f Core/Src/i2c-lcd.o
 .debug_macro   0x0000000000000f29       0x22 Core/Src/i2c-lcd.o
 .debug_macro   0x0000000000000f4b       0x8e Core/Src/i2c-lcd.o
 .debug_macro   0x0000000000000fd9       0x51 Core/Src/i2c-lcd.o
 .debug_macro   0x000000000000102a       0xef Core/Src/i2c-lcd.o
 .debug_macro   0x0000000000001119       0x6a Core/Src/i2c-lcd.o
 .debug_macro   0x0000000000001183      0x1df Core/Src/i2c-lcd.o
 .debug_macro   0x0000000000001362       0x1c Core/Src/i2c-lcd.o
 .debug_macro   0x000000000000137e       0x22 Core/Src/i2c-lcd.o
 .debug_macro   0x00000000000013a0       0xdf Core/Src/i2c-lcd.o
 .debug_macro   0x000000000000147f     0x102d Core/Src/i2c-lcd.o
 .debug_macro   0x00000000000024ac      0x11f Core/Src/i2c-lcd.o
 .debug_macro   0x00000000000025cb    0x15e3c Core/Src/i2c-lcd.o
 .debug_macro   0x0000000000018407       0x43 Core/Src/i2c-lcd.o
 .debug_macro   0x000000000001844a     0x3659 Core/Src/i2c-lcd.o
 .debug_macro   0x000000000001baa3      0x174 Core/Src/i2c-lcd.o
 .debug_macro   0x000000000001bc17       0x5a Core/Src/i2c-lcd.o
 .debug_macro   0x000000000001bc71      0x96b Core/Src/i2c-lcd.o
 .debug_macro   0x000000000001c5dc      0x9fe Core/Src/i2c-lcd.o
 .debug_macro   0x000000000001cfda      0x117 Core/Src/i2c-lcd.o
 .debug_macro   0x000000000001d0f1      0x13e Core/Src/i2c-lcd.o
 .debug_macro   0x000000000001d22f       0x27 Core/Src/i2c-lcd.o
 .debug_macro   0x000000000001d256      0x174 Core/Src/i2c-lcd.o
 .debug_macro   0x000000000001d3ca      0x287 Core/Src/i2c-lcd.o
 .debug_macro   0x000000000001d651       0x5f Core/Src/i2c-lcd.o
 .debug_macro   0x000000000001d6b0      0x236 Core/Src/i2c-lcd.o
 .debug_macro   0x000000000001d8e6      0x12c Core/Src/i2c-lcd.o
 .debug_macro   0x000000000001da12      0x21e Core/Src/i2c-lcd.o
 .debug_macro   0x000000000001dc30       0x2e Core/Src/i2c-lcd.o
 .debug_macro   0x000000000001dc5e      0x1b5 Core/Src/i2c-lcd.o
 .debug_macro   0x000000000001de13       0xd6 Core/Src/i2c-lcd.o
 .debug_macro   0x000000000001dee9      0x11a Core/Src/i2c-lcd.o
 .debug_macro   0x000000000001e003       0x7e Core/Src/i2c-lcd.o
 .debug_macro   0x000000000001e081       0x89 Core/Src/i2c-lcd.o
 .debug_macro   0x000000000001e10a      0x287 Core/Src/i2c-lcd.o
 .debug_macro   0x000000000001e391      0x12d Core/Src/i2c-lcd.o
 .debug_macro   0x000000000001e4be      0x1e2 Core/Src/main.o
 .debug_macro   0x000000000001e6a0      0x1de Core/Src/stm32f4xx_hal_msp.o
 .debug_macro   0x000000000001e87e      0x1e8 Core/Src/stm32f4xx_it.o
 .debug_macro   0x000000000001ea66      0x1da Core/Src/system_stm32f4xx.o
 .debug_macro   0x000000000001ec40      0x234 Drivers/STM32F4xx_HAL_Driver/Src/stm32f4xx_hal.o
 .debug_macro   0x000000000001ee74      0x1d4 Drivers/STM32F4xx_HAL_Driver/Src/stm32f4xx_hal_cortex.o
 .debug_macro   0x000000000001f048      0x20a Drivers/STM32F4xx_HAL_Driver/Src/stm32f4xx_hal_gpio.o
 .debug_macro   0x000000000001f252      0x21b Drivers/STM32F4xx_HAL_Driver/Src/stm32f4xx_hal_i2c.o
 .debug_macro   0x000000000001f46d      0x1f8 Drivers/STM32F4xx_HAL_Driver/Src/stm32f4xx_hal_rcc.o
 .debug_macro   0x000000000001f665      0x1d5 Drivers/STM32F4xx_HAL_Driver/Src/stm32f4xx_hal_uart.o

.debug_line     0x0000000000000000     0x7509
 .debug_line    0x0000000000000000      0x6fc Core/Src/i2c-lcd.o
 .debug_line    0x00000000000006fc      0x868 Core/Src/main.o
 .debug_line    0x0000000000000f64      0x720 Core/Src/stm32f4xx_hal_msp.o
 .debug_line    0x0000000000001684      0x769 Core/Src/stm32f4xx_it.o
 .debug_line    0x0000000000001ded      0x6dc Core/Src/system_stm32f4xx.o
 .debug_line    0x00000000000024c9       0x85 Core/Startup/startup_stm32f407vgtx.o
 .debug_line    0x000000000000254e      0x8c6 Drivers/STM32F4xx_HAL_Driver/Src/stm32f4xx_hal.o
 .debug_line    0x0000000000002e14      0x9ea Drivers/STM32F4xx_HAL_Driver/Src/stm32f4xx_hal_cortex.o
 .debug_line    0x00000000000037fe      0x8a5 Drivers/STM32F4xx_HAL_Driver/Src/stm32f4xx_hal_gpio.o
 .debug_line    0x00000000000040a3     0x1b74 Drivers/STM32F4xx_HAL_Driver/Src/stm32f4xx_hal_i2c.o
 .debug_line    0x0000000000005c17      0x91e Drivers/STM32F4xx_HAL_Driver/Src/stm32f4xx_hal_rcc.o
 .debug_line    0x0000000000006535      0xfd4 Drivers/STM32F4xx_HAL_Driver/Src/stm32f4xx_hal_uart.o

.debug_str      0x0000000000000000    0xc01f3
 .debug_str     0x0000000000000000    0xbd8b8 Core/Src/i2c-lcd.o
                                      0xbdb8f (size before relaxing)
 .debug_str     0x00000000000bd8b8      0x4e0 Core/Src/main.o
                                      0xbe017 (size before relaxing)
 .debug_str     0x00000000000bdd98       0x7d Core/Src/stm32f4xx_hal_msp.o
                                      0xbdea2 (size before relaxing)
 .debug_str     0x00000000000bde15       0xbd Core/Src/stm32f4xx_it.o
                                      0xbd6f6 (size before relaxing)
 .debug_str     0x00000000000bded2       0xc4 Core/Src/system_stm32f4xx.o
                                      0xbd7ef (size before relaxing)
 .debug_str     0x00000000000bdf96       0x36 Core/Startup/startup_stm32f407vgtx.o
                                         0x6e (size before relaxing)
 .debug_str     0x00000000000bdfcc      0xa5e Drivers/STM32F4xx_HAL_Driver/Src/stm32f4xx_hal.o
                                      0xbe2bc (size before relaxing)
 .debug_str     0x00000000000bea2a      0x399 Drivers/STM32F4xx_HAL_Driver/Src/stm32f4xx_hal_cortex.o
                                      0xbe0ab (size before relaxing)
 .debug_str     0x00000000000bedc3      0x20c Drivers/STM32F4xx_HAL_Driver/Src/stm32f4xx_hal_gpio.o
                                      0xbda2e (size before relaxing)
 .debug_str     0x00000000000befcf      0xac9 Drivers/STM32F4xx_HAL_Driver/Src/stm32f4xx_hal_i2c.o
                                      0xbe75c (size before relaxing)
 .debug_str     0x00000000000bfa98      0x24e Drivers/STM32F4xx_HAL_Driver/Src/stm32f4xx_hal_rcc.o
                                      0xbdbdc (size before relaxing)
 .debug_str     0x00000000000bfce6      0x50d Drivers/STM32F4xx_HAL_Driver/Src/stm32f4xx_hal_uart.o
                                      0xbe03b (size before relaxing)

.comment        0x0000000000000000       0x7b
 .comment       0x0000000000000000       0x7b Core/Src/i2c-lcd.o
                                         0x7c (size before relaxing)
 .comment       0x000000000000007b       0x7c Core/Src/main.o
 .comment       0x000000000000007b       0x7c Core/Src/stm32f4xx_hal_msp.o
 .comment       0x000000000000007b       0x7c Core/Src/stm32f4xx_it.o
 .comment       0x000000000000007b       0x7c Core/Src/system_stm32f4xx.o
 .comment       0x000000000000007b       0x7c Drivers/STM32F4xx_HAL_Driver/Src/stm32f4xx_hal.o
 .comment       0x000000000000007b       0x7c Drivers/STM32F4xx_HAL_Driver/Src/stm32f4xx_hal_cortex.o
 .comment       0x000000000000007b       0x7c Drivers/STM32F4xx_HAL_Driver/Src/stm32f4xx_hal_gpio.o
 .comment       0x000000000000007b       0x7c Drivers/STM32F4xx_HAL_Driver/Src/stm32f4xx_hal_i2c.o
 .comment       0x000000000000007b       0x7c Drivers/STM32F4xx_HAL_Driver/Src/stm32f4xx_hal_rcc.o
 .comment       0x000000000000007b       0x7c Drivers/STM32F4xx_HAL_Driver/Src/stm32f4xx_hal_uart.o

.debug_frame    0x0000000000000000     0x243c
 .debug_frame   0x0000000000000000       0x98 Core/Src/i2c-lcd.o
 .debug_frame   0x0000000000000098       0xec Core/Src/main.o
 .debug_frame   0x0000000000000184       0xc8 Core/Src/stm32f4xx_hal_msp.o
 .debug_frame   0x000000000000024c      0x104 Core/Src/stm32f4xx_it.o
 .debug_frame   0x0000000000000350       0x58 Core/Src/system_stm32f4xx.o
 .debug_frame   0x00000000000003a8      0x374 Drivers/STM32F4xx_HAL_Driver/Src/stm32f4xx_hal.o
 .debug_frame   0x000000000000071c      0x498 Drivers/STM32F4xx_HAL_Driver/Src/stm32f4xx_hal_cortex.o
 .debug_frame   0x0000000000000bb4      0x14c Drivers/STM32F4xx_HAL_Driver/Src/stm32f4xx_hal_gpio.o
 .debug_frame   0x0000000000000d00      0xc5c Drivers/STM32F4xx_HAL_Driver/Src/stm32f4xx_hal_i2c.o
 .debug_frame   0x000000000000195c      0x1f0 Drivers/STM32F4xx_HAL_Driver/Src/stm32f4xx_hal_rcc.o
 .debug_frame   0x0000000000001b4c      0x844 Drivers/STM32F4xx_HAL_Driver/Src/stm32f4xx_hal_uart.o
 .debug_frame   0x0000000000002390       0x2c c:/st/stm32cubeide_1.5.0/stm32cubeide/plugins/com.st.stm32cube.ide.mcu.externaltools.gnu-tools-for-stm32.7-2018-q2-update.win32_1.5.0.202011040924/tools/bin/../lib/gcc/arm-none-eabi/7.3.1/../../../../arm-none-eabi/lib/thumb/v7e-m/fpv4-sp/hard\libc_nano.a(lib_a-init.o)
 .debug_frame   0x00000000000023bc       0x20 c:/st/stm32cubeide_1.5.0/stm32cubeide/plugins/com.st.stm32cube.ide.mcu.externaltools.gnu-tools-for-stm32.7-2018-q2-update.win32_1.5.0.202011040924/tools/bin/../lib/gcc/arm-none-eabi/7.3.1/../../../../arm-none-eabi/lib/thumb/v7e-m/fpv4-sp/hard\libc_nano.a(lib_a-memset.o)
 .debug_frame   0x00000000000023dc       0x2c c:/st/stm32cubeide_1.5.0/stm32cubeide/plugins/com.st.stm32cube.ide.mcu.externaltools.gnu-tools-for-stm32.7-2018-q2-update.win32_1.5.0.202011040924/tools/bin/../lib/gcc/arm-none-eabi/7.3.1/thumb/v7e-m/fpv4-sp/hard\libgcc.a(_aeabi_uldivmod.o)
 .debug_frame   0x0000000000002408       0x34 c:/st/stm32cubeide_1.5.0/stm32cubeide/plugins/com.st.stm32cube.ide.mcu.externaltools.gnu-tools-for-stm32.7-2018-q2-update.win32_1.5.0.202011040924/tools/bin/../lib/gcc/arm-none-eabi/7.3.1/thumb/v7e-m/fpv4-sp/hard\libgcc.a(_udivmoddi4.o)
